D:\Projekty BER\Embraco_PracoviskoPopisovaniaStatorovLaserom_A2019050\Temp\Includes\AS_TempDecl\Config1\GlobalComponents\MpComponents.var
D:\Projekty BER\Embraco_PracoviskoPopisovaniaStatorovLaserom_A2019050\Logical\Global.typ
D:\Projekty BER\Embraco_PracoviskoPopisovaniaStatorovLaserom_A2019050\Logical\Global.var
D:\Projekty BER\Embraco_PracoviskoPopisovaniaStatorovLaserom_A2019050\Logical\Libraries\operator\operator.fun
D:\Projekty BER\Embraco_PracoviskoPopisovaniaStatorovLaserom_A2019050\Logical\Libraries\operator\operator.typ
D:\Projekty BER\Embraco_PracoviskoPopisovaniaStatorovLaserom_A2019050\Logical\Libraries\operator\operator.var
D:\Projekty BER\Embraco_PracoviskoPopisovaniaStatorovLaserom_A2019050\Logical\Libraries\runtime\runtime.fun
D:\Projekty BER\Embraco_PracoviskoPopisovaniaStatorovLaserom_A2019050\Logical\Libraries\runtime\runtime.typ
D:\Projekty BER\Embraco_PracoviskoPopisovaniaStatorovLaserom_A2019050\Logical\Libraries\runtime\runtime.var
D:\Projekty BER\Embraco_PracoviskoPopisovaniaStatorovLaserom_A2019050\Logical\Libraries\astime\astime.fun
D:\Projekty BER\Embraco_PracoviskoPopisovaniaStatorovLaserom_A2019050\Logical\Libraries\astime\astime.typ
D:\Projekty BER\Embraco_PracoviskoPopisovaniaStatorovLaserom_A2019050\Logical\Libraries\astime\astime.var
D:\Projekty BER\Embraco_PracoviskoPopisovaniaStatorovLaserom_A2019050\Logical\Libraries\AsIecCon\AsIecCon.fun
D:\Projekty BER\Embraco_PracoviskoPopisovaniaStatorovLaserom_A2019050\Logical\Libraries\AsIecCon\AsIecCon.typ
D:\Projekty BER\Embraco_PracoviskoPopisovaniaStatorovLaserom_A2019050\Logical\Libraries\AsIecCon\AsIecCon.var
D:\Projekty BER\Embraco_PracoviskoPopisovaniaStatorovLaserom_A2019050\Logical\Libraries\AsSafety\AsSafety.fun
D:\Projekty BER\Embraco_PracoviskoPopisovaniaStatorovLaserom_A2019050\Logical\Libraries\AsSafety\AsSafety.typ
D:\Projekty BER\Embraco_PracoviskoPopisovaniaStatorovLaserom_A2019050\Logical\Libraries\AsSafety\AsSafety.var
D:\Projekty BER\Embraco_PracoviskoPopisovaniaStatorovLaserom_A2019050\Logical\Libraries\FileIO\FileIO.fun
D:\Projekty BER\Embraco_PracoviskoPopisovaniaStatorovLaserom_A2019050\Logical\Libraries\FileIO\FileIO.typ
D:\Projekty BER\Embraco_PracoviskoPopisovaniaStatorovLaserom_A2019050\Logical\Libraries\FileIO\FileIO.var
D:\Projekty BER\Embraco_PracoviskoPopisovaniaStatorovLaserom_A2019050\Logical\Libraries\DataObj\DataObj.fun
D:\Projekty BER\Embraco_PracoviskoPopisovaniaStatorovLaserom_A2019050\Logical\Libraries\DataObj\DataObj.typ
D:\Projekty BER\Embraco_PracoviskoPopisovaniaStatorovLaserom_A2019050\Logical\Libraries\DataObj\DataObj.var
D:\Projekty BER\Embraco_PracoviskoPopisovaniaStatorovLaserom_A2019050\Logical\Libraries\AsXml\AsXml.fun
D:\Projekty BER\Embraco_PracoviskoPopisovaniaStatorovLaserom_A2019050\Logical\Libraries\AsXml\AsXml.typ
D:\Projekty BER\Embraco_PracoviskoPopisovaniaStatorovLaserom_A2019050\Logical\Libraries\AsXml\AsXml.var
D:\Projekty BER\Embraco_PracoviskoPopisovaniaStatorovLaserom_A2019050\Logical\Libraries\standard\standard.fun
D:\Projekty BER\Embraco_PracoviskoPopisovaniaStatorovLaserom_A2019050\Logical\Libraries\standard\standard.typ
D:\Projekty BER\Embraco_PracoviskoPopisovaniaStatorovLaserom_A2019050\Logical\Libraries\standard\standard.var
D:\Projekty BER\Embraco_PracoviskoPopisovaniaStatorovLaserom_A2019050\Logical\Libraries\AsBrStr\AsBrStr.fun
D:\Projekty BER\Embraco_PracoviskoPopisovaniaStatorovLaserom_A2019050\Logical\Libraries\AsBrStr\AsBrStr.typ
D:\Projekty BER\Embraco_PracoviskoPopisovaniaStatorovLaserom_A2019050\Logical\Libraries\AsBrStr\AsBrStr.var
D:\Projekty BER\Embraco_PracoviskoPopisovaniaStatorovLaserom_A2019050\Logical\Libraries\IecCheck\IecCheck.fun
D:\Projekty BER\Embraco_PracoviskoPopisovaniaStatorovLaserom_A2019050\Logical\Libraries\sys_lib\sys_lib.fun
D:\Projekty BER\Embraco_PracoviskoPopisovaniaStatorovLaserom_A2019050\Logical\Libraries\sys_lib\sys_lib.typ
D:\Projekty BER\Embraco_PracoviskoPopisovaniaStatorovLaserom_A2019050\Logical\Libraries\sys_lib\sys_lib.var
D:\Projekty BER\Embraco_PracoviskoPopisovaniaStatorovLaserom_A2019050\Logical\Libraries\SC\Types.typ
D:\Projekty BER\Embraco_PracoviskoPopisovaniaStatorovLaserom_A2019050\Logical\Libraries\SC\Constants.var
D:\Projekty BER\Embraco_PracoviskoPopisovaniaStatorovLaserom_A2019050\Logical\Libraries\SC\SC.fun
D:\Projekty BER\Embraco_PracoviskoPopisovaniaStatorovLaserom_A2019050\Logical\Libraries\AsTCP\AsTCP.fun
D:\Projekty BER\Embraco_PracoviskoPopisovaniaStatorovLaserom_A2019050\Logical\Libraries\AsTCP\AsTCP.typ
D:\Projekty BER\Embraco_PracoviskoPopisovaniaStatorovLaserom_A2019050\Logical\Libraries\AsTCP\AsTCP.var
D:\Projekty BER\Embraco_PracoviskoPopisovaniaStatorovLaserom_A2019050\Logical\Libraries\AsMath\AsMath.fun
D:\Projekty BER\Embraco_PracoviskoPopisovaniaStatorovLaserom_A2019050\Logical\Libraries\AsMath\AsMath.typ
D:\Projekty BER\Embraco_PracoviskoPopisovaniaStatorovLaserom_A2019050\Logical\Libraries\AsMath\AsMath.var
D:\Projekty BER\Embraco_PracoviskoPopisovaniaStatorovLaserom_A2019050\Logical\Libraries\MpRecipe\MpRecipe.typ
D:\Projekty BER\Embraco_PracoviskoPopisovaniaStatorovLaserom_A2019050\Logical\Libraries\MpRecipe\MpRecipeAlarm.typ
D:\Projekty BER\Embraco_PracoviskoPopisovaniaStatorovLaserom_A2019050\Logical\Libraries\MpRecipe\MpRecipeError.typ
D:\Projekty BER\Embraco_PracoviskoPopisovaniaStatorovLaserom_A2019050\Logical\Libraries\MpRecipe\MpRecipe.fun
D:\Projekty BER\Embraco_PracoviskoPopisovaniaStatorovLaserom_A2019050\Logical\Libraries\MpBase\MpBase.typ
D:\Projekty BER\Embraco_PracoviskoPopisovaniaStatorovLaserom_A2019050\Logical\Libraries\MpBase\MpBase.var
D:\Projekty BER\Embraco_PracoviskoPopisovaniaStatorovLaserom_A2019050\Logical\Libraries\MpBase\MpBase.fun
